2025-11-11T00:36:17 [i] Pegasus  ()
2025-11-11T00:36:17 [i] Running on NixOS 25.05 (Warbler) (x86_64, wayland)
2025-11-11T00:36:17 [i] Qt version 5.15.17
2025-11-11T00:36:17 [i] Program settings loaded (`/home/pedro0210/.config/pegasus-frontend/settings.txt`)
2025-11-11T00:36:17 [i] Found locale `ar`
2025-11-11T00:36:17 [i] Found locale `bs`
2025-11-11T00:36:17 [i] Found locale `ca`
2025-11-11T00:36:17 [i] Found locale `de`
2025-11-11T00:36:17 [i] Found locale `en-GB`
2025-11-11T00:36:17 [i] Found locale `en`
2025-11-11T00:36:17 [i] Found locale `es`
2025-11-11T00:36:17 [i] Found locale `fr`
2025-11-11T00:36:17 [i] Found locale `hu`
2025-11-11T00:36:17 [i] Found locale `it`
2025-11-11T00:36:17 [i] Found locale `ja`
2025-11-11T00:36:17 [i] Found locale `ko`
2025-11-11T00:36:17 [i] Found locale `lt`
2025-11-11T00:36:17 [i] Found locale `nl`
2025-11-11T00:36:17 [i] Found locale `pt-BR`
2025-11-11T00:36:17 [i] Found locale `ru`
2025-11-11T00:36:17 [i] Found locale `sv`
2025-11-11T00:36:17 [i] Found locale `zh-TW`
2025-11-11T00:36:17 [i] Found locale `zh`
2025-11-11T00:36:17 [i] Locale set to `en`
2025-11-11T00:36:17 [i] Found theme `Pegasus Grid` at `:/themes/pegasus-theme-grid/`
2025-11-11T00:36:17 [i] SDL version 2.32.56
2025-11-11T00:36:17 [i] Theme set to `Pegasus Grid` (`:/themes/pegasus-theme-grid/`)
2025-11-11T00:36:17 [w] qt.qpa.wayland: Wayland does not support QWindow::requestActivate()
2025-11-11T00:36:18 [i] Pegasus Metafiles: No metadata files found
2025-11-11T00:36:18 [i] Pegasus Metafiles: Finished searching in 0ms
2025-11-11T00:36:18 [i] Pegasus Media: Finished searching in 0ms
2025-11-11T00:36:18 [i] Steam: Found installation at `/home/pedro0210/.local/share/Steam/`
2025-11-11T00:36:18 [i] Steam: Found `/home/pedro0210/.local/share/Steam/config/config.vdf`
2025-11-11T00:36:18 [i] Steam: Found `/home/pedro0210/.local/share/Steam/steamapps/libraryfolders.vdf`
2025-11-11T00:36:18 [i] Steam: 49 games found
2025-11-11T00:36:18 [i] Steam: Finished searching in 24ms
2025-11-11T00:36:18 [i] GOG: 0 games found
2025-11-11T00:36:18 [i] GOG: Finished searching in 0ms
2025-11-11T00:36:18 [i] EmulationStation: No installation found
2025-11-11T00:36:18 [i] EmulationStation: Finished searching in 0ms
2025-11-11T00:36:18 [i] Logiqx: Finished searching in 0ms
2025-11-11T00:36:18 [i] Lutris: Found data directory: `/home/pedro0210/.local/share/lutris/`
2025-11-11T00:36:18 [i] Lutris: Finished searching in 2ms
2025-11-11T00:36:18 [i] Skraper Assets: 0 assets found
2025-11-11T00:36:18 [i] Skraper Assets: Finished searching in 0ms
2025-11-11T00:36:18 [i] Pegasus Favorites: Finished searching in 0ms
2025-11-11T00:36:18 [i] Pegasus Playtime: Finished searching in 0ms
2025-11-11T00:36:18 [i] Waiting for online sources...
2025-11-11T00:36:18 [i] Waiting for online sources took 0ms
2025-11-11T00:36:18 [w] The collection 'Lutris' has no valid games, ignored
2025-11-11T00:36:18 [w] The collection 'GOG' has no valid games, ignored
2025-11-11T00:36:18 [i] Game list post-processing took 0ms
2025-11-11T00:36:18 [i] 56 games found
2025-11-11T00:36:18 [i] Gamepad: Connected device 0x0 (DualSense Wireless Controller)
2025-11-11T00:36:24 [w] qrc:/themes/pegasus-theme-grid/layer_grid/BackgroundImage.qml:70:5: QML Image: Error decoding: https://store.akamai.steamstatic.com/images/storepagebackground/app/3146520?t=1728673229: Unsupported image format
2025-11-11T00:36:30 [i] Closing Pegasus, goodbye!
