[log] [2025-08-12T20:09:03.601Z] waiting 5ms for PAS ws endpoint ws://127.0.0.1:44495/48e4ba6268782e8906beb4ecb546eb01/cbor (file:///nix/store/8xqnrnw9n1kpk5jip556zn0rh6q7j0ah-beeper-4.0.661-extracted/resources/app/build/renderer/index-FgoxBjlX.js:554)
[log] [2025-08-12T20:09:03.601Z] connecting to ws (file:///nix/store/8xqnrnw9n1kpk5jip556zn0rh6q7j0ah-beeper-4.0.661-extracted/resources/app/build/renderer/index-FgoxBjlX.js:554)
[log] [2025-08-12T20:09:03.610Z] [db] call waitForInit  (file:///nix/store/8xqnrnw9n1kpk5jip556zn0rh6q7j0ah-beeper-4.0.661-extracted/resources/app/build/renderer/index-FgoxBjlX.js:924)
[log] [2025-08-12T20:09:03.610Z] waiting 5ms for PAS ws endpoint ws://127.0.0.1:44495/48e4ba6268782e8906beb4ecb546eb01/cbor (file:///nix/store/8xqnrnw9n1kpk5jip556zn0rh6q7j0ah-beeper-4.0.661-extracted/resources/app/build/renderer/index-FgoxBjlX.js:554)
[log] [2025-08-12T20:09:03.610Z] You're running Beeper v4.0.661 on linux 6.12.41 x64 (server env: production) (file:///nix/store/8xqnrnw9n1kpk5jip556zn0rh6q7j0ah-beeper-4.0.661-extracted/resources/app/build/renderer/index-FgoxBjlX.js:924)
[log] [2025-08-12T20:09:03.617Z] waiting 5ms for PAS ws endpoint ws://127.0.0.1:44495/48e4ba6268782e8906beb4ecb546eb01/cbor (file:///nix/store/8xqnrnw9n1kpk5jip556zn0rh6q7j0ah-beeper-4.0.661-extracted/resources/app/build/renderer/index-FgoxBjlX.js:554)
[log] [2025-08-12T20:09:03.655Z] [db] return from waitForInit [45 ms] (file:///nix/store/8xqnrnw9n1kpk5jip556zn0rh6q7j0ah-beeper-4.0.661-extracted/resources/app/build/renderer/index-FgoxBjlX.js:924)
[log] [2025-08-12T20:09:03.655Z] [db] call getAllKeyValuesRequiredAtAppStart  (file:///nix/store/8xqnrnw9n1kpk5jip556zn0rh6q7j0ah-beeper-4.0.661-extracted/resources/app/build/renderer/index-FgoxBjlX.js:924)
[log] [2025-08-12T20:09:03.655Z] [db] call getAllTextsAccounts  (file:///nix/store/8xqnrnw9n1kpk5jip556zn0rh6q7j0ah-beeper-4.0.661-extracted/resources/app/build/renderer/index-FgoxBjlX.js:924)
[log] [2025-08-12T20:09:03.656Z] [db] return from getAllKeyValuesRequiredAtAppStart [1 ms] (file:///nix/store/8xqnrnw9n1kpk5jip556zn0rh6q7j0ah-beeper-4.0.661-extracted/resources/app/build/renderer/index-FgoxBjlX.js:924)
[log] [2025-08-12T20:09:03.657Z] [db] return from getAllTextsAccounts [2 ms] (file:///nix/store/8xqnrnw9n1kpk5jip556zn0rh6q7j0ah-beeper-4.0.661-extracted/resources/app/build/renderer/index-FgoxBjlX.js:924)
[log] [2025-08-12T20:09:03.660Z] BeeperClientStore#state {"user_id":"string:string[0]","device_id":"string:string[0]","access_token":"string:string[0]","homeserver":"string:string[0]","verified":"boolean:false","subscription_required":"boolean:false","secret_storage":"boolean:false","cross_signing":"boolean:false","secrets":"{\"master_key\":\"boolean:false\",\"self_signing_key\":\"boolean:false\",\"user_signing_key\":\"boolean:false\",\"megolm_backup_key\":\"boolean:false\"}","other_devices":"boolean:false","key_backup":"boolean:false","crypto_reset_required":"boolean:false","first_sync_done":"boolean:false","error":"string:string[0]","crashed":"boolean:false"} (file:///nix/store/8xqnrnw9n1kpk5jip556zn0rh6q7j0ah-beeper-4.0.661-extracted/resources/app/build/renderer/index-FgoxBjlX.js:872)
[log] [2025-08-12T20:09:03.661Z] [db] call getStarredMessages  (file:///nix/store/8xqnrnw9n1kpk5jip556zn0rh6q7j0ah-beeper-4.0.661-extracted/resources/app/build/renderer/index-FgoxBjlX.js:924)
[log] [2025-08-12T20:09:03.662Z] [db] call getSnoozedMessages  (file:///nix/store/8xqnrnw9n1kpk5jip556zn0rh6q7j0ah-beeper-4.0.661-extracted/resources/app/build/renderer/index-FgoxBjlX.js:924)
[log] [2025-08-12T20:09:03.662Z] [db] call getSnoozedThreads  (file:///nix/store/8xqnrnw9n1kpk5jip556zn0rh6q7j0ah-beeper-4.0.661-extracted/resources/app/build/renderer/index-FgoxBjlX.js:924)
[log] [2025-08-12T20:09:03.662Z] [db] call getScheduledMessages  (file:///nix/store/8xqnrnw9n1kpk5jip556zn0rh6q7j0ah-beeper-4.0.661-extracted/resources/app/build/renderer/index-FgoxBjlX.js:924)
[log] [2025-08-12T20:09:03.662Z] initial bridged accounts hungryserv initialEnabledAccountsCount: 1, initialSavedAccountsCount: 1 (file:///nix/store/8xqnrnw9n1kpk5jip556zn0rh6q7j0ah-beeper-4.0.661-extracted/resources/app/build/renderer/index-FgoxBjlX.js:729)
[log] [2025-08-12T20:09:03.663Z] initial platform sdk accounts  (file:///nix/store/8xqnrnw9n1kpk5jip556zn0rh6q7j0ah-beeper-4.0.661-extracted/resources/app/build/renderer/index-FgoxBjlX.js:729)
[log] [2025-08-12T20:09:03.664Z] [db] call setKeyValue labels,[object Object] (file:///nix/store/8xqnrnw9n1kpk5jip556zn0rh6q7j0ah-beeper-4.0.661-extracted/resources/app/build/renderer/index-FgoxBjlX.js:924)
[log] [2025-08-12T20:09:03.664Z] [db] call setKeyValue tabs,default,unread,low_priority,archived (file:///nix/store/8xqnrnw9n1kpk5jip556zn0rh6q7j0ah-beeper-4.0.661-extracted/resources/app/build/renderer/index-FgoxBjlX.js:924)
[log] [2025-08-12T20:09:03.669Z] [WindowStateStore::checkScrollbarBehaviour()] DOM is loaded and getScrollbarWidth() = 15 (file:///nix/store/8xqnrnw9n1kpk5jip556zn0rh6q7j0ah-beeper-4.0.661-extracted/resources/app/build/renderer/index-FgoxBjlX.js:728)
[debug] [2025-08-12T20:09:03.670Z] Event: app-launched — [object Object] (file:///nix/store/8xqnrnw9n1kpk5jip556zn0rh6q7j0ah-beeper-4.0.661-extracted/resources/app/build/renderer/index-FgoxBjlX.js:511)
[log] [2025-08-12T20:09:03.671Z] [db] call setKeyValue launchCount,1 (file:///nix/store/8xqnrnw9n1kpk5jip556zn0rh6q7j0ah-beeper-4.0.661-extracted/resources/app/build/renderer/index-FgoxBjlX.js:924)
[log] [2025-08-12T20:09:03.673Z] ↑ call beeper-api subscribeToAppEvents (file:///nix/store/8xqnrnw9n1kpk5jip556zn0rh6q7j0ah-beeper-4.0.661-extracted/resources/app/build/renderer/index-FgoxBjlX.js:924)
[log] [2025-08-12T20:09:03.673Z] ↑ call getFeatures {} (file:///nix/store/8xqnrnw9n1kpk5jip556zn0rh6q7j0ah-beeper-4.0.661-extracted/resources/app/build/renderer/index-FgoxBjlX.js:924)
[log] [2025-08-12T20:09:03.673Z] ↑ call getAppManifest {} (file:///nix/store/8xqnrnw9n1kpk5jip556zn0rh6q7j0ah-beeper-4.0.661-extracted/resources/app/build/renderer/index-FgoxBjlX.js:924)
[log] [2025-08-12T20:09:03.673Z] ↑ call getSDKBuildInfo {} (file:///nix/store/8xqnrnw9n1kpk5jip556zn0rh6q7j0ah-beeper-4.0.661-extracted/resources/app/build/renderer/index-FgoxBjlX.js:924)
[log] [2025-08-12T20:09:03.673Z] ↑ call hungryserv init [object Object],[object Object], (file:///nix/store/8xqnrnw9n1kpk5jip556zn0rh6q7j0ah-beeper-4.0.661-extracted/resources/app/build/renderer/index-FgoxBjlX.js:729)
[log] [2025-08-12T20:09:03.834Z] [db] return from getStarredMessages [18 ms] (file:///nix/store/8xqnrnw9n1kpk5jip556zn0rh6q7j0ah-beeper-4.0.661-extracted/resources/app/build/renderer/index-FgoxBjlX.js:924)
[log] [2025-08-12T20:09:03.834Z] [db] return from getSnoozedMessages [17 ms] (file:///nix/store/8xqnrnw9n1kpk5jip556zn0rh6q7j0ah-beeper-4.0.661-extracted/resources/app/build/renderer/index-FgoxBjlX.js:924)
[log] [2025-08-12T20:09:03.834Z] [db] return from getSnoozedThreads [17 ms] (file:///nix/store/8xqnrnw9n1kpk5jip556zn0rh6q7j0ah-beeper-4.0.661-extracted/resources/app/build/renderer/index-FgoxBjlX.js:924)
[log] [2025-08-12T20:09:03.834Z] [db] return from getScheduledMessages [17 ms] (file:///nix/store/8xqnrnw9n1kpk5jip556zn0rh6q7j0ah-beeper-4.0.661-extracted/resources/app/build/renderer/index-FgoxBjlX.js:924)
[log] [2025-08-12T20:09:03.834Z] [db] return from setKeyValue [15 ms] (file:///nix/store/8xqnrnw9n1kpk5jip556zn0rh6q7j0ah-beeper-4.0.661-extracted/resources/app/build/renderer/index-FgoxBjlX.js:924)
[log] [2025-08-12T20:09:03.834Z] [db] return from setKeyValue [15 ms] (file:///nix/store/8xqnrnw9n1kpk5jip556zn0rh6q7j0ah-beeper-4.0.661-extracted/resources/app/build/renderer/index-FgoxBjlX.js:924)
[log] [2025-08-12T20:09:03.834Z] [db] return from setKeyValue [9 ms] (file:///nix/store/8xqnrnw9n1kpk5jip556zn0rh6q7j0ah-beeper-4.0.661-extracted/resources/app/build/renderer/index-FgoxBjlX.js:924)
[log] [2025-08-12T20:09:03.834Z] ↓ app sync event state_updated 1 [object Object] (file:///nix/store/8xqnrnw9n1kpk5jip556zn0rh6q7j0ah-beeper-4.0.661-extracted/resources/app/build/renderer/index-FgoxBjlX.js:872)
[log] [2025-08-12T20:09:03.834Z] BeeperClientStore#state {"user_id":"string:string[0]","device_id":"string:string[0]","access_token":"string:string[0]","homeserver":"string:string[0]","verified":"boolean:false","subscription_required":"boolean:false","secret_storage":"boolean:false","cross_signing":"boolean:false","secrets":"{\"master_key\":\"boolean:false\",\"self_signing_key\":\"boolean:false\",\"user_signing_key\":\"boolean:false\",\"megolm_backup_key\":\"boolean:false\"}","key_backup":"boolean:false","initialized":"boolean:false","first_sync_done":"boolean:false","crypto_reset_required":"boolean:false","crashed":"boolean:false"} (file:///nix/store/8xqnrnw9n1kpk5jip556zn0rh6q7j0ah-beeper-4.0.661-extracted/resources/app/build/renderer/index-FgoxBjlX.js:872)
[log] [2025-08-12T20:09:03.834Z] [db] call setKeyValue beeperState,[object Object] (file:///nix/store/8xqnrnw9n1kpk5jip556zn0rh6q7j0ah-beeper-4.0.661-extracted/resources/app/build/renderer/index-FgoxBjlX.js:924)
[log] [2025-08-12T20:09:03.835Z] ↓ return beeper getAppManifest {"matrix_server_name":"string:string[10]","matrix_url":"string:string[25]","roomserv_url":"string:string[27]","sygnal_url":"string:string[25]","rageshake_url":"string:string[28]","bpns_url":"string:string[23]","growthbook_api_url":"string:string[33]","user_url_template":"string:string[35]","user_bridge_url_template":"string:string[55]","echobot_url":"string:string[26]","rudderstack_write_key":"string:string[27]","rudderstack":"{\"url\":\"string:string[36]\",\"desktop\":\"{\\\"events_key\\\":\\\"string:string[27]\\\"}\",\"android\":\"{\\\"events_key\\\":\\\"string:string[27]\\\"}\",\"ios\":\"{\\\"events_key\\\":\\\"string:string[27]\\\"}\",\"a8c_desktop\":\"{\\\"events_key\\\":\\\"string:string[27]\\\"}\",\"a8c_android\":\"{\\\"events_key\\\":\\\"string:string[27]\\\"}\",\"a8c_ios\":\"{\\\"events_key\\\":\\\"string:string[27]\\\"}\"}","server_oauth_id":"string:string[72]"} [9 ms] (file:///nix/store/8xqnrnw9n1kpk5jip556zn0rh6q7j0ah-beeper-4.0.661-extracted/resources/app/build/renderer/index-FgoxBjlX.js:924)
[log] [2025-08-12T20:09:03.835Z] ↓ return beeper getSDKBuildInfo {"sdk_build_time":"string:string[20]","sdk_git_commit":"string:string[40]","sdk_git_branch":"string:string[4]"} [9 ms] (file:///nix/store/8xqnrnw9n1kpk5jip556zn0rh6q7j0ah-beeper-4.0.661-extracted/resources/app/build/renderer/index-FgoxBjlX.js:924)
[log] [2025-08-12T20:09:03.835Z] ↓ return hungryserv init undefined [9 ms] (file:///nix/store/8xqnrnw9n1kpk5jip556zn0rh6q7j0ah-beeper-4.0.661-extracted/resources/app/build/renderer/index-FgoxBjlX.js:729)
[debug] [2025-08-12T20:09:03.835Z] Time: Load — bridge-hungryserv.init — 10 (file:///nix/store/8xqnrnw9n1kpk5jip556zn0rh6q7j0ah-beeper-4.0.661-extracted/resources/app/build/renderer/index-FgoxBjlX.js:511)
[log] [2025-08-12T20:09:03.835Z] ↑ call hungryserv getPlatformInfo  (file:///nix/store/8xqnrnw9n1kpk5jip556zn0rh6q7j0ah-beeper-4.0.661-extracted/resources/app/build/renderer/index-FgoxBjlX.js:729)
[log] [2025-08-12T20:09:03.835Z] ↓ return beeper getFeatures string:string[362] [10 ms] (file:///nix/store/8xqnrnw9n1kpk5jip556zn0rh6q7j0ah-beeper-4.0.661-extracted/resources/app/build/renderer/index-FgoxBjlX.js:924)
[log] [2025-08-12T20:09:03.835Z] ↓ return hungryserv getPlatformInfo undefined [150 ms] (file:///nix/store/8xqnrnw9n1kpk5jip556zn0rh6q7j0ah-beeper-4.0.661-extracted/resources/app/build/renderer/index-FgoxBjlX.js:729)
[debug] [2025-08-12T20:09:03.836Z] Event: connection-state — [object Object] (file:///nix/store/8xqnrnw9n1kpk5jip556zn0rh6q7j0ah-beeper-4.0.661-extracted/resources/app/build/renderer/index-FgoxBjlX.js:511)
[log] [2025-08-12T20:09:03.836Z] [db] call setAccountValue hungryserv,state,enabled (file:///nix/store/8xqnrnw9n1kpk5jip556zn0rh6q7j0ah-beeper-4.0.661-extracted/resources/app/build/renderer/index-FgoxBjlX.js:924)
[log] [2025-08-12T20:09:03.836Z] ↑ call hungryserv init [object Object],[object Object], (file:///nix/store/8xqnrnw9n1kpk5jip556zn0rh6q7j0ah-beeper-4.0.661-extracted/resources/app/build/renderer/index-FgoxBjlX.js:729)
[log] [2025-08-12T20:09:03.836Z] [db] return from setKeyValue [153 ms] (file:///nix/store/8xqnrnw9n1kpk5jip556zn0rh6q7j0ah-beeper-4.0.661-extracted/resources/app/build/renderer/index-FgoxBjlX.js:924)
[log] [2025-08-12T20:09:03.836Z] ↓ return hungryserv init undefined [1 ms] (file:///nix/store/8xqnrnw9n1kpk5jip556zn0rh6q7j0ah-beeper-4.0.661-extracted/resources/app/build/renderer/index-FgoxBjlX.js:729)
[debug] [2025-08-12T20:09:03.836Z] Time: Load — bridge-hungryserv.init — 1 (file:///nix/store/8xqnrnw9n1kpk5jip556zn0rh6q7j0ah-beeper-4.0.661-extracted/resources/app/build/renderer/index-FgoxBjlX.js:511)
[log] [2025-08-12T20:09:03.836Z] ↑ call hungryserv getPlatformInfo  (file:///nix/store/8xqnrnw9n1kpk5jip556zn0rh6q7j0ah-beeper-4.0.661-extracted/resources/app/build/renderer/index-FgoxBjlX.js:729)
[log] [2025-08-12T20:09:03.836Z] [db] return from setAccountValue [1 ms] (file:///nix/store/8xqnrnw9n1kpk5jip556zn0rh6q7j0ah-beeper-4.0.661-extracted/resources/app/build/renderer/index-FgoxBjlX.js:924)
[log] [2025-08-12T20:09:03.836Z] ↓ return hungryserv getPlatformInfo undefined [0 ms] (file:///nix/store/8xqnrnw9n1kpk5jip556zn0rh6q7j0ah-beeper-4.0.661-extracted/resources/app/build/renderer/index-FgoxBjlX.js:729)
[log] [2025-08-12T20:09:03.836Z] [db] call getThreadPropsForAccount hungryserv (file:///nix/store/8xqnrnw9n1kpk5jip556zn0rh6q7j0ah-beeper-4.0.661-extracted/resources/app/build/renderer/index-FgoxBjlX.js:924)
[log] [2025-08-12T20:09:03.836Z] [db] return from getThreadPropsForAccount [1 ms] (file:///nix/store/8xqnrnw9n1kpk5jip556zn0rh6q7j0ah-beeper-4.0.661-extracted/resources/app/build/renderer/index-FgoxBjlX.js:924)
[log] [2025-08-12T20:09:03.836Z] ↑ call hungryserv getThreads normal, (file:///nix/store/8xqnrnw9n1kpk5jip556zn0rh6q7j0ah-beeper-4.0.661-extracted/resources/app/build/renderer/index-FgoxBjlX.js:729)
[log] [2025-08-12T20:09:03.836Z] ↑ call hungryserv getContacts  (file:///nix/store/8xqnrnw9n1kpk5jip556zn0rh6q7j0ah-beeper-4.0.661-extracted/resources/app/build/renderer/index-FgoxBjlX.js:729)
[log] [2025-08-12T20:09:03.836Z] ↓ return hungryserv getContacts [object Object] [0 ms] (file:///nix/store/8xqnrnw9n1kpk5jip556zn0rh6q7j0ah-beeper-4.0.661-extracted/resources/app/build/renderer/index-FgoxBjlX.js:729)
[log] [2025-08-12T20:09:03.836Z] ↓ return hungryserv getThreads [object Object] [0 ms] (file:///nix/store/8xqnrnw9n1kpk5jip556zn0rh6q7j0ah-beeper-4.0.661-extracted/resources/app/build/renderer/index-FgoxBjlX.js:729)
[log] [2025-08-12T20:09:03.836Z] rudderstack.track Inbox Load [object Object] (file:///nix/store/8xqnrnw9n1kpk5jip556zn0rh6q7j0ah-beeper-4.0.661-extracted/resources/app/build/renderer/index-FgoxBjlX.js:666)
[debug] [2025-08-12T20:09:03.836Z] load stores: 226.174072265625 ms (file:///nix/store/8xqnrnw9n1kpk5jip556zn0rh6q7j0ah-beeper-4.0.661-extracted/resources/app/build/renderer/index-FgoxBjlX.js:924)
[log] [2025-08-12T20:09:03.845Z] ↑ call getUserClientConfig {} (file:///nix/store/8xqnrnw9n1kpk5jip556zn0rh6q7j0ah-beeper-4.0.661-extracted/resources/app/build/renderer/index-FgoxBjlX.js:924)
[log] [2025-08-12T20:09:03.862Z] rudderstack.track React App Render [object Object] (file:///nix/store/8xqnrnw9n1kpk5jip556zn0rh6q7j0ah-beeper-4.0.661-extracted/resources/app/build/renderer/index-FgoxBjlX.js:666)
[log] [2025-08-12T20:09:03.865Z] ↓ return beeper getUserClientConfig {} [28 ms] (file:///nix/store/8xqnrnw9n1kpk5jip556zn0rh6q7j0ah-beeper-4.0.661-extracted/resources/app/build/renderer/index-FgoxBjlX.js:924)
[log] [2025-08-12T20:09:03.881Z] rudderstack.track Focus Start [object Object] (file:///nix/store/8xqnrnw9n1kpk5jip556zn0rh6q7j0ah-beeper-4.0.661-extracted/resources/app/build/renderer/index-FgoxBjlX.js:666)
[log] [2025-08-12T20:09:03.881Z] rudderstack.track Focus Start [object Object] (file:///nix/store/8xqnrnw9n1kpk5jip556zn0rh6q7j0ah-beeper-4.0.661-extracted/resources/app/build/renderer/index-FgoxBjlX.js:666)
[log] [2025-08-12T20:09:03.896Z] [db] call setKeyValueValue localPrefs,auto_login_item_set,true (file:///nix/store/8xqnrnw9n1kpk5jip556zn0rh6q7j0ah-beeper-4.0.661-extracted/resources/app/build/renderer/index-FgoxBjlX.js:924)
[log] [2025-08-12T20:09:03.912Z] [db] return from setKeyValueValue [16 ms] (file:///nix/store/8xqnrnw9n1kpk5jip556zn0rh6q7j0ah-beeper-4.0.661-extracted/resources/app/build/renderer/index-FgoxBjlX.js:924)
[log] [2025-08-12T20:09:04.107Z] [db] call setKeyValue remoteConfig,[object Object] (file:///nix/store/8xqnrnw9n1kpk5jip556zn0rh6q7j0ah-beeper-4.0.661-extracted/resources/app/build/renderer/index-FgoxBjlX.js:924)
[log] [2025-08-12T20:09:04.129Z] Onboarding Screen Rendered {"screen":"AwaitCredentials","error":null,"loading":false} (file:///nix/store/8xqnrnw9n1kpk5jip556zn0rh6q7j0ah-beeper-4.0.661-extracted/resources/app/build/renderer/index-FgoxBjlX.js:898)
[log] [2025-08-12T20:09:04.141Z] [db] return from setKeyValue [33 ms] (file:///nix/store/8xqnrnw9n1kpk5jip556zn0rh6q7j0ah-beeper-4.0.661-extracted/resources/app/build/renderer/index-FgoxBjlX.js:924)
[log] [2025-08-12T20:09:04.147Z] Onboarding Choose Authentication Mode {"authenticationMode":"email"} (file:///nix/store/8xqnrnw9n1kpk5jip556zn0rh6q7j0ah-beeper-4.0.661-extracted/resources/app/build/renderer/index-FgoxBjlX.js:898)
[log] [2025-08-12T20:09:05.666Z] skipped sending events to legacy /metrics endpoint [object Object],[object Object],[object Object],[object Object] (file:///nix/store/8xqnrnw9n1kpk5jip556zn0rh6q7j0ah-beeper-4.0.661-extracted/resources/app/build/renderer/index-FgoxBjlX.js:511)
